exports[`Button renders a Button without crashing 1`] = `
<button
  className="fYuIQd">
  Hello World
</button>
`;
