exports[`BottomBar renders bottom bar correctly 1`] = `
<div
  className="jAxdXj"
  onClick={[Function]}>
  <div
    className="cVaydS"
    onClick={[Function]}
    y={100}>
    Hello World
  </div>
</div>
`;
