exports[`Button renders a Button without crashing 1`] = `
<button
  className="EuKFK"
  onClick={undefined}>
  <span>
    Hello World
  </span>
</button>
`;
