exports[`Breadcrumb renders the Breadcrumb without crashing 1`] = `
<ul
  className="hzgMIJ">
  <span>
    
    /
  </span>
  <span>
    
    /
  </span>
</ul>
`;
