exports[`test renders bottom bar correctly 1`] = `
<div
  className="hiqgSn"
  onClick={[Function]}>
  <div
    className="dwNke"
    onClick={[Function]}
    y={100}>
    Hello World
  </div>
</div>
`;
